// Jest Snapshot v1, https://goo.gl/fbAQLP

exports[`<MovieDetailsHeader /> render movie details header 1`] = `
<div>
  <a
    className="search-link"
    onClick={[Function]}
  >
    search
  </a>
  <MovieAnnotation />
</div>
`;
