// Jest Snapshot v1, https://goo.gl/fbAQLP

exports[`<Movie/> should render a movie 1`] = `
<div
  className="movie"
>
  <Link
    replace={false}
    to="/film/1"
  >
    <img
      className="movie__image"
      src="https://image.tmdb.org/t/p/w500/path"
    />
  </Link>
  <span
    className="movie__title"
  >
    title
  </span>
  <input
    className="movie__release_date"
    readOnly={true}
    value="2012"
  />
  <div
    style={
      Object {
        "clear": "both",
      }
    }
  />
  <span
    className="movie__genre"
  >
    genre
  </span>
</div>
`;
