// Jest Snapshot v1, https://goo.gl/fbAQLP

exports[`should render logo correctly 1`] = `
<span
  className="logo"
>
  netflixroulette
</span>
`;
