// Jest Snapshot v1, https://goo.gl/fbAQLP

exports[`<SearchFilter /> render search filter - director 1`] = `
<div
  className="search-filter"
>
  <span
    className="search-filter__header"
  >
    search by
  </span>
  <div
    style={
      Object {
        "float": "left",
      }
    }
  >
    <button
      className="search-filter__button "
      key="1"
      onClick={[Function]}
    >
      title
    </button>
    <button
      className="search-filter__button search-filter__button_active"
      key="2"
      onClick={[Function]}
    >
      director
    </button>
  </div>
</div>
`;

exports[`<SearchFilter /> render search filter - title 1`] = `
<div
  className="search-filter"
>
  <span
    className="search-filter__header"
  >
    search by
  </span>
  <div
    style={
      Object {
        "float": "left",
      }
    }
  >
    <button
      className="search-filter__button search-filter__button_active"
      key="1"
      onClick={[Function]}
    >
      title
    </button>
    <button
      className="search-filter__button "
      key="2"
      onClick={[Function]}
    >
      director
    </button>
  </div>
</div>
`;
