// Jest Snapshot v1, https://goo.gl/fbAQLP

exports[`<Logo/> render logo 1`] = `
<span
  className="logo"
>
  netflixroulette
</span>
`;
