// Jest Snapshot v1, https://goo.gl/fbAQLP

exports[`<ResultsFilter /> render results filter - rating 1`] = `
<div
  className="results_filter"
>
  <span
    className="results_filter__header"
  >
    Sort by
  </span>
  <div
    style={
      Object {
        "float": "left",
      }
    }
  >
    <a
      className="results_filter__link "
      key="1"
      onClick={[Function]}
    >
      release date
    </a>
    <a
      className="results_filter__link results_filter__link_active"
      key="2"
      onClick={[Function]}
    >
      rating
    </a>
  </div>
</div>
`;

exports[`<ResultsFilter /> render results filter - release date 1`] = `
<div
  className="results_filter"
>
  <span
    className="results_filter__header"
  >
    Sort by
  </span>
  <div
    style={
      Object {
        "float": "left",
      }
    }
  >
    <a
      className="results_filter__link results_filter__link_active"
      key="1"
      onClick={[Function]}
    >
      release date
    </a>
    <a
      className="results_filter__link "
      key="2"
      onClick={[Function]}
    >
      rating
    </a>
  </div>
</div>
`;
